// Jest Snapshot v1, https://goo.gl/fbAQLP

exports[`should render correctly 1`] = `
.c3 {
  border: 1px solid var(--accent);
  border-radius: 4px;
  padding: 4px;
  background: none;
  color: var(--accent);
}

.c3:hover {
  box-shadow: 2px 2px 4px #666;
}

.c3:active {
  box-shadow: 1px 1px 4px #666;
}

.c3:disabled {
  cursor: default;
  border-color: #666;
  background: #666;
  color: white;
  box-shadow: none;
}

.c1 {
  display: grid;
  grid-template-columns: 1fr 1fr;
  grid-gap: 8px;
}

.c2 {
  grid-column: span 2;
  font-weight: 600;
}

.c0 ul {
  padding: 0;
  list-style: none;
  display: grid;
  grid-gap: 20px;
}

<section
  className="c0"
>
  <h2>
    TestKram
  </h2>
  <ul>
    <li>
      <section
        className="c1"
      >
        <span
          className="c2"
        >
          asodh
        </span>
        <button
          className="c3"
          onClick={[Function]}
        >
          Delete
        </button>
      </section>
    </li>
    <li>
      <section
        className="c1"
      >
        <span
          className="c2"
        >
          kjdkdjkd
        </span>
        <button
          className="c3"
          onClick={[Function]}
        >
          Delete
        </button>
      </section>
    </li>
  </ul>
</section>
`;
